// Jest Snapshot v1, https://goo.gl/fbAQLP

exports[`Login should match the snapshot 1`] = `"<div class=\\"makeStyles-masterlogin2-7\\"><div class=\\"makeStyles-masterlogin1-8\\"><div class=\\"makeStyles-masterlogin-9\\"><div class=\\"MuiPaper-root makeStyles-rootDesktop-5 MuiPaper-elevation1 MuiPaper-rounded\\"><div class=\\"MuiCardContent-root\\"><div class=\\"makeStyles-paper-1\\"><div class=\\"makeStyles-signin_header-11\\"><div class=\\"makeStyles-loginlock-10\\"><div class=\\"makeStyles-cardIcon-52\\"><span class=\\"material-icons MuiIcon-root\\" aria-hidden=\\"true\\">lock</span></div></div><h1 class=\\"MuiTypography-root MuiTypography-h5\\" style=\\"font-weight:700\\">Sign in</h1></div><form novalidate=\\"\\" id=\\"form\\"><div class=\\"MuiFormControl-root MuiTextField-root MuiFormControl-marginNormal MuiFormControl-fullWidth\\"><label class=\\"MuiFormLabel-root MuiInputLabel-root MuiInputLabel-formControl MuiInputLabel-animated MuiInputLabel-outlined\\" data-shrink=\\"false\\" for=\\"contactnumber\\" id=\\"contactnumber-label\\">Contact Number</label><div class=\\"MuiInputBase-root MuiOutlinedInput-root MuiInputBase-fullWidth MuiInputBase-formControl\\"><input type=\\"text\\" aria-invalid=\\"false\\" autofocus=\\"\\" id=\\"contactnumber\\" name=\\"identifier\\" value=\\"\\" class=\\"MuiInputBase-input MuiOutlinedInput-input\\"/><fieldset aria-hidden=\\"true\\" class=\\"PrivateNotchedOutline-root-156 MuiOutlinedInput-notchedOutline\\"><legend class=\\"PrivateNotchedOutline-legendLabelled-158\\"><span>Contact Number</span></legend></fieldset></div></div><div class=\\"MuiFormControl-root makeStyles-margin-3 MuiFormControl-fullWidth\\"><label class=\\"MuiFormLabel-root MuiInputLabel-root MuiInputLabel-formControl MuiInputLabel-animated MuiInputLabel-outlined\\" data-shrink=\\"false\\" for=\\"outlined-adornment-password\\">Password</label><div class=\\"MuiInputBase-root MuiOutlinedInput-root MuiInputBase-fullWidth MuiInputBase-formControl MuiInputBase-adornedEnd MuiOutlinedInput-adornedEnd\\" InputLabelProps=\\"[object Object]\\" InputProps=\\"[object Object]\\"><input type=\\"password\\" aria-invalid=\\"false\\" id=\\"password\\" name=\\"password\\" value=\\"\\" class=\\"MuiInputBase-input MuiOutlinedInput-input MuiInputBase-inputAdornedEnd MuiOutlinedInput-inputAdornedEnd\\"/><div class=\\"MuiInputAdornment-root MuiInputAdornment-positionEnd\\"><button class=\\"MuiButtonBase-root MuiIconButton-root MuiIconButton-edgeEnd\\" tabindex=\\"0\\" type=\\"button\\" aria-label=\\"toggle password visibility\\"><span class=\\"MuiIconButton-label\\"><svg class=\\"MuiSvgIcon-root\\" focusable=\\"false\\" viewBox=\\"0 0 24 24\\" aria-hidden=\\"true\\" role=\\"presentation\\"><path d=\\"M12 7c2.76 0 5 2.24 5 5 0 .65-.13 1.26-.36 1.83l2.92 2.92c1.51-1.26 2.7-2.89 3.43-4.75-1.73-4.39-6-7.5-11-7.5-1.4 0-2.74.25-3.98.7l2.16 2.16C10.74 7.13 11.35 7 12 7zM2 4.27l2.28 2.28.46.46C3.08 8.3 1.78 10.02 1 12c1.73 4.39 6 7.5 11 7.5 1.55 0 3.03-.3 4.38-.84l.42.42L19.73 22 21 20.73 3.27 3 2 4.27zM7.53 9.8l1.55 1.55c-.05.21-.08.43-.08.65 0 1.66 1.34 3 3 3 .22 0 .44-.03.65-.08l1.55 1.55c-.67.33-1.41.53-2.2.53-2.76 0-5-2.24-5-5 0-.79.2-1.53.53-2.2zm4.31-.78l3.15 3.15.02-.16c0-1.66-1.34-3-3-3l-.17.01z\\"></path></svg></span></button></div><fieldset aria-hidden=\\"true\\" style=\\"padding-left:8px\\" class=\\"PrivateNotchedOutline-root-156 MuiOutlinedInput-notchedOutline\\"><legend class=\\"PrivateNotchedOutline-legend-157\\" style=\\"width:0.01px\\"><span>&#8203;</span></legend></fieldset></div><p class=\\"MuiFormHelperText-root MuiFormHelperText-contained\\"></p><a class=\\"MuiTypography-root MuiLink-root MuiLink-underlineHover makeStyles-linkColor-21 MuiTypography-body2 MuiTypography-colorPrimary\\" href=\\"/forgot-password\\">Forgot password?</a></div><button class=\\"MuiButtonBase-root MuiButton-root MuiButton-contained makeStyles-submit-2 MuiButton-containedPrimary Mui-disabled MuiButton-fullWidth Mui-disabled\\" tabindex=\\"-1\\" type=\\"submit\\" disabled=\\"\\"><span class=\\"MuiButton-label\\">Sign in</span></button><div class=\\"MuiGrid-root MuiGrid-container\\"><div class=\\"MuiGrid-root MuiGrid-item MuiGrid-grid-xs-12\\" style=\\"text-align:center\\">Don&#x27;t have an account? | <a class=\\"MuiTypography-root MuiLink-root MuiLink-underlineHover makeStyles-linkColor-21 MuiTypography-body2 MuiTypography-colorPrimary\\" href=\\"/requestotp\\">New Registration</a></div></div></form></div></div><div class=\\"MuiBackdrop-root makeStyles-backdrop-22\\" aria-hidden=\\"true\\" style=\\"opacity:0;visibility:hidden\\"><div class=\\"MuiCircularProgress-root MuiCircularProgress-indeterminate\\" style=\\"width:40px;height:40px\\" role=\\"progressbar\\"><svg class=\\"MuiCircularProgress-svg\\" viewBox=\\"22 22 44 44\\"><circle class=\\"MuiCircularProgress-circle MuiCircularProgress-circleIndeterminate\\" cx=\\"44\\" cy=\\"44\\" r=\\"20.2\\" fill=\\"none\\" stroke-width=\\"3.6\\"></circle></svg></div></div></div></div></div></div>"`;
